Please provide <source> <destination> <time> as command line arguments
