The next train to Cardiff from Wirragulla departs at 11:01:23
