The next train to Happy from Sichuan departs at 02:38:23
