The next train to Cardiff from Brisbane Roma Street departs at 10:59:23
